---
source: crates/compiler/can/tests/test_suffixed.rs
expression: snapshot
snapshot_kind: text
---
Defs {
    tags: [
        EitherIndex(2147483648),
    ],
    regions: [
        @0-189,
    ],
    space_before: [
        Slice<roc_parse::ast::CommentOrNewline> { start: 0, length: 0 },
    ],
    space_after: [
        Slice<roc_parse::ast::CommentOrNewline> { start: 0, length: 1 },
    ],
    spaces: [
        Newline,
    ],
    type_defs: [],
    value_defs: [
        Body(
            @0-4 Identifier {
                ident: "main",
            },
            @11-189 Defs(
                Defs {
                    tags: [
                        EitherIndex(2147483648),
                        EitherIndex(2147483649),
                    ],
                    regions: [
                        @20-37,
                        @52-70,
                    ],
                    space_before: [
                        Slice<roc_parse::ast::CommentOrNewline> { start: 0, length: 0 },
                        Slice<roc_parse::ast::CommentOrNewline> { start: 0, length: 1 },
                    ],
                    space_after: [
                        Slice<roc_parse::ast::CommentOrNewline> { start: 0, length: 0 },
                        Slice<roc_parse::ast::CommentOrNewline> { start: 1, length: 0 },
                    ],
                    spaces: [
                        Newline,
                    ],
                    type_defs: [],
                    value_defs: [
                        Body(
                            @11-17 Identifier {
                                ident: "isTrue",
                            },
                            @20-37 Apply(
                                @20-27 Var {
                                    module_name: "Task",
                                    ident: "ok",
                                },
                                [
                                    @28-37 Var {
                                        module_name: "Bool",
                                        ident: "true",
                                    },
                                ],
                                Space,
                            ),
                        ),
                        Body(
                            @42-49 Identifier {
                                ident: "isFalse",
                            },
                            @52-70 Apply(
                                @52-59 Var {
                                    module_name: "Task",
                                    ident: "ok",
                                },
                                [
                                    @60-70 Var {
                                        module_name: "Bool",
                                        ident: "false",
                                    },
                                ],
                                Space,
                            ),
                        ),
                    ],
                },
                @79-86 Apply(
                    @79-86 Var {
                        module_name: "Task",
                        ident: "await",
                    },
                    [
                        @79-86 Var {
                            module_name: "",
                            ident: "isFalse",
                        },
                        @79-86 Closure(
                            [
                                @79-86 Identifier {
                                    ident: "#!0_arg",
                                },
                            ],
                            @76-189 If {
                                if_thens: [
                                    (
                                        @79-86 Var {
                                            module_name: "",
                                            ident: "#!0_arg",
                                        },
                                        @101-112 Apply(
                                            @101-105 Var {
                                                module_name: "",
                                                ident: "line",
                                            },
                                            [
                                                @106-112 Str(
                                                    PlainLine(
                                                        "fail",
                                                    ),
                                                ),
                                            ],
                                            Space,
                                        ),
                                    ),
                                ],
                                final_else: @125-131 Apply(
                                    @125-131 Var {
                                        module_name: "Task",
                                        ident: "await",
                                    },
                                    [
                                        @125-131 Var {
                                            module_name: "",
                                            ident: "isTrue",
                                        },
                                        @125-131 Closure(
                                            [
                                                @125-131 Identifier {
                                                    ident: "#!1_arg",
                                                },
                                            ],
                                            @76-189 If {
                                                if_thens: [
                                                    (
                                                        @125-131 Var {
                                                            module_name: "",
                                                            ident: "#!1_arg",
                                                        },
                                                        @146-160 Apply(
                                                            @146-150 Var {
                                                                module_name: "",
                                                                ident: "line",
                                                            },
                                                            [
                                                                @151-160 Str(
                                                                    PlainLine(
                                                                        "success",
                                                                    ),
                                                                ),
                                                            ],
                                                            Space,
                                                        ),
                                                    ),
                                                ],
                                                final_else: @178-189 Apply(
                                                    @178-182 Var {
                                                        module_name: "",
                                                        ident: "line",
                                                    },
                                                    [
                                                        @183-189 Str(
                                                            PlainLine(
                                                                "fail",
                                                            ),
                                                        ),
                                                    ],
                                                    Space,
                                                ),
                                                indented_else: false,
                                            },
                                        ),
                                    ],
                                    BangSuffix,
                                ),
                                indented_else: false,
                            },
                        ),
                    ],
                    BangSuffix,
                ),
            ),
        ),
    ],
}
