---
source: crates/compiler/can/tests/test_suffixed.rs
expression: snapshot
snapshot_kind: text
---
Defs {
    tags: [
        EitherIndex(2147483648),
    ],
    regions: [
        @0-24,
    ],
    space_before: [
        Slice<roc_parse::ast::CommentOrNewline> { start: 0, length: 0 },
    ],
    space_after: [
        Slice<roc_parse::ast::CommentOrNewline> { start: 0, length: 1 },
    ],
    spaces: [
        Newline,
    ],
    type_defs: [],
    value_defs: [
        Body(
            @0-4 Identifier {
                ident: "main",
            },
            @11-17 Apply(
                @11-17 Var {
                    module_name: "Task",
                    ident: "await",
                },
                [
                    @15-16 Var {
                        module_name: "",
                        ident: "a",
                    },
                    @11-17 Closure(
                        [
                            @15-16 Identifier {
                                ident: "#!0_arg",
                            },
                        ],
                        @11-17 LowLevelDbg(
                            (
                                "test.roc:2",
                                "i",
                            ),
                            @15-16 Apply(
                                @15-16 Var {
                                    module_name: "Inspect",
                                    ident: "toStr",
                                },
                                [
                                    @15-16 Var {
                                        module_name: "",
                                        ident: "#!0_arg",
                                    },
                                ],
                                Space,
                            ),
                            @23-24 Var {
                                module_name: "",
                                ident: "b",
                            },
                        ),
                    ),
                ],
                BangSuffix,
            ),
        ),
    ],
}
