---
source: crates/compiler/can/tests/test_suffixed.rs
expression: snapshot
snapshot_kind: text
---
Defs {
    tags: [
        EitherIndex(2147483648),
    ],
    regions: [
        @0-120,
    ],
    space_before: [
        Slice<roc_parse::ast::CommentOrNewline> { start: 0, length: 0 },
    ],
    space_after: [
        Slice<roc_parse::ast::CommentOrNewline> { start: 0, length: 1 },
    ],
    spaces: [
        Newline,
    ],
    type_defs: [],
    value_defs: [
        Body(
            @0-4 Identifier {
                ident: "list",
            },
            @11-120 Apply(
                @11-120 Var {
                    module_name: "Task",
                    ident: "await",
                },
                [
                    @16-23 Var {
                        module_name: "",
                        ident: "getList",
                    },
                    @11-120 Closure(
                        [
                            @16-23 Identifier {
                                ident: "#!2_arg",
                            },
                        ],
                        @11-120 When(
                            @16-23 Var {
                                module_name: "",
                                ident: "#!2_arg",
                            },
                            [
                                WhenBranch {
                                    patterns: [
                                        @36-38 List(
                                            [],
                                        ),
                                    ],
                                    value: @54-65 Apply(
                                        @54-65 Var {
                                            module_name: "Task",
                                            ident: "await",
                                        },
                                        [
                                            @54-65 Defs(
                                                Defs {
                                                    tags: [
                                                        EitherIndex(2147483648),
                                                    ],
                                                    regions: [
                                                        @54-65,
                                                    ],
                                                    space_before: [
                                                        Slice<roc_parse::ast::CommentOrNewline> { start: 0, length: 0 },
                                                    ],
                                                    space_after: [
                                                        Slice<roc_parse::ast::CommentOrNewline> { start: 0, length: 0 },
                                                    ],
                                                    spaces: [],
                                                    type_defs: [],
                                                    value_defs: [
                                                        AnnotatedBody {
                                                            ann_pattern: @54-65 Identifier {
                                                                ident: "#!1_stmt",
                                                            },
                                                            ann_type: @54-65 Apply(
                                                                "",
                                                                "Task",
                                                                [
                                                                    @54-65 Record {
                                                                        fields: [],
                                                                        ext: None,
                                                                    },
                                                                    @54-65 Inferred,
                                                                ],
                                                            ),
                                                            lines_between: [],
                                                            body_pattern: @54-65 Identifier {
                                                                ident: "#!1_stmt",
                                                            },
                                                            body_expr: @54-65 Apply(
                                                                @54-65 Var {
                                                                    module_name: "",
                                                                    ident: "line",
                                                                },
                                                                [
                                                                    @60-65 Str(
                                                                        PlainLine(
                                                                            "foo",
                                                                        ),
                                                                    ),
                                                                ],
                                                                Space,
                                                            ),
                                                        },
                                                    ],
                                                },
                                                @54-65 Var {
                                                    module_name: "",
                                                    ident: "#!1_stmt",
                                                },
                                            ),
                                            @54-65 Closure(
                                                [
                                                    @54-65 Underscore(
                                                        "#!stmt",
                                                    ),
                                                ],
                                                @78-89 Apply(
                                                    @78-89 Var {
                                                        module_name: "",
                                                        ident: "line",
                                                    },
                                                    [
                                                        @84-89 Str(
                                                            PlainLine(
                                                                "bar",
                                                            ),
                                                        ),
                                                    ],
                                                    Space,
                                                ),
                                            ),
                                        ],
                                        BangSuffix,
                                    ),
                                    guard: None,
                                },
                                WhenBranch {
                                    patterns: [
                                        @98-99 Underscore(
                                            "",
                                        ),
                                    ],
                                    value: @115-120 Apply(
                                        @115-117 Var {
                                            module_name: "",
                                            ident: "ok",
                                        },
                                        [
                                            @118-120 Record(
                                                [],
                                            ),
                                        ],
                                        Space,
                                    ),
                                    guard: None,
                                },
                            ],
                        ),
                    ),
                ],
                BangSuffix,
            ),
        ),
    ],
}
