---
source: crates/compiler/can/tests/test_suffixed.rs
expression: snapshot
snapshot_kind: text
---
Defs {
    tags: [
        EitherIndex(2147483648),
    ],
    regions: [
        @0-45,
    ],
    space_before: [
        Slice<roc_parse::ast::CommentOrNewline> { start: 0, length: 0 },
    ],
    space_after: [
        Slice<roc_parse::ast::CommentOrNewline> { start: 0, length: 1 },
    ],
    spaces: [
        Newline,
    ],
    type_defs: [],
    value_defs: [
        Body(
            @0-4 Identifier {
                ident: "main",
            },
            @15-18 Apply(
                @15-18 Var {
                    module_name: "Task",
                    ident: "await",
                },
                [
                    @15-18 Var {
                        module_name: "",
                        ident: "foo",
                    },
                    @15-18 Closure(
                        [
                            @11-12 Identifier {
                                ident: "a",
                            },
                        ],
                        @15-18 Apply(
                            @15-18 Var {
                                module_name: "Task",
                                ident: "await",
                            },
                            [
                                @28-33 Var {
                                    module_name: "",
                                    ident: "bar",
                                },
                                @15-18 Closure(
                                    [
                                        @28-33 Identifier {
                                            ident: "#!0_arg",
                                        },
                                    ],
                                    @28-33 Apply(
                                        @28-33 Var {
                                            module_name: "Task",
                                            ident: "await",
                                        },
                                        [
                                            @28-33 Var {
                                                module_name: "",
                                                ident: "#!0_arg",
                                            },
                                            @28-33 Closure(
                                                [
                                                    @24-25 Identifier {
                                                        ident: "b",
                                                    },
                                                ],
                                                @38-45 Apply(
                                                    @38-41 Var {
                                                        module_name: "",
                                                        ident: "baz",
                                                    },
                                                    [
                                                        @42-43 Var {
                                                            module_name: "",
                                                            ident: "a",
                                                        },
                                                        @44-45 Var {
                                                            module_name: "",
                                                            ident: "b",
                                                        },
                                                    ],
                                                    Space,
                                                ),
                                            ),
                                        ],
                                        BangSuffix,
                                    ),
                                ),
                            ],
                            BangSuffix,
                        ),
                    ),
                ],
                BangSuffix,
            ),
        ),
    ],
}
