---
source: crates/compiler/can/tests/test_suffixed.rs
expression: snapshot
snapshot_kind: text
---
Defs {
    tags: [
        EitherIndex(2147483648),
    ],
    regions: [
        @0-114,
    ],
    space_before: [
        Slice<roc_parse::ast::CommentOrNewline> { start: 0, length: 0 },
    ],
    space_after: [
        Slice<roc_parse::ast::CommentOrNewline> { start: 0, length: 1 },
    ],
    spaces: [
        Newline,
    ],
    type_defs: [],
    value_defs: [
        Body(
            @0-4 Identifier {
                ident: "main",
            },
            @11-114 Defs(
                Defs {
                    tags: [
                        EitherIndex(2147483648),
                    ],
                    regions: [
                        @39-101,
                    ],
                    space_before: [
                        Slice<roc_parse::ast::CommentOrNewline> { start: 0, length: 0 },
                    ],
                    space_after: [
                        Slice<roc_parse::ast::CommentOrNewline> { start: 0, length: 0 },
                    ],
                    spaces: [],
                    type_defs: [],
                    value_defs: [
                        AnnotatedBody {
                            ann_pattern: @11-12 Identifier {
                                ident: "x",
                            },
                            ann_type: @15-30 Function(
                                [
                                    @15-18 Apply(
                                        "",
                                        "Str",
                                        [],
                                    ),
                                ],
                                Pure,
                                @22-30 Apply(
                                    "",
                                    "Task",
                                    [
                                        @27-28 Inferred,
                                        @29-30 Inferred,
                                    ],
                                ),
                            ),
                            lines_between: [
                                Newline,
                            ],
                            body_pattern: @35-36 Identifier {
                                ident: "x",
                            },
                            body_expr: @39-101 Closure(
                                [
                                    @40-43 Identifier {
                                        ident: "msg",
                                    },
                                ],
                                @56-91 Defs(
                                    Defs {
                                        tags: [
                                            EitherIndex(2147483648),
                                        ],
                                        regions: [
                                            @82-91,
                                        ],
                                        space_before: [
                                            Slice<roc_parse::ast::CommentOrNewline> { start: 0, length: 0 },
                                        ],
                                        space_after: [
                                            Slice<roc_parse::ast::CommentOrNewline> { start: 0, length: 0 },
                                        ],
                                        spaces: [],
                                        type_defs: [],
                                        value_defs: [
                                            AnnotatedBody {
                                                ann_pattern: @56-57 Identifier {
                                                    ident: "#!0_expr",
                                                },
                                                ann_type: @60-69 Apply(
                                                    "",
                                                    "Task",
                                                    [
                                                        @60-69 Apply(
                                                            "",
                                                            "Task",
                                                            [
                                                                @65-67 Record {
                                                                    fields: [],
                                                                    ext: None,
                                                                },
                                                                @68-69 Inferred,
                                                            ],
                                                        ),
                                                        @60-69 Inferred,
                                                    ],
                                                ),
                                                lines_between: [],
                                                body_pattern: @78-79 Identifier {
                                                    ident: "#!0_expr",
                                                },
                                                body_expr: @82-91 Apply(
                                                    @82-91 Var {
                                                        module_name: "",
                                                        ident: "line",
                                                    },
                                                    [
                                                        @88-91 Var {
                                                            module_name: "",
                                                            ident: "msg",
                                                        },
                                                    ],
                                                    Space,
                                                ),
                                            },
                                        ],
                                    },
                                    @82-91 Var {
                                        module_name: "",
                                        ident: "#!0_expr",
                                    },
                                ),
                            ),
                        },
                    ],
                },
                @107-114 Apply(
                    @107-108 Var {
                        module_name: "",
                        ident: "x",
                    },
                    [
                        @109-114 Str(
                            PlainLine(
                                "foo",
                            ),
                        ),
                    ],
                    Space,
                ),
            ),
        ),
    ],
}
