---
source: crates/compiler/can/tests/test_suffixed.rs
expression: snapshot
snapshot_kind: text
---
Defs {
    tags: [
        EitherIndex(2147483648),
    ],
    regions: [
        @0-158,
    ],
    space_before: [
        Slice<roc_parse::ast::CommentOrNewline> { start: 0, length: 0 },
    ],
    space_after: [
        Slice<roc_parse::ast::CommentOrNewline> { start: 0, length: 1 },
    ],
    spaces: [
        Newline,
    ],
    type_defs: [],
    value_defs: [
        Body(
            @0-4 Identifier {
                ident: "main",
            },
            @11-158 When(
                @16-17 Var {
                    module_name: "",
                    ident: "x",
                },
                [
                    WhenBranch {
                        patterns: [
                            @29-30 Tag(
                                "A",
                            ),
                        ],
                        value: @46-130 Defs(
                            Defs {
                                tags: [
                                    EitherIndex(2147483648),
                                ],
                                regions: [
                                    @50-52,
                                ],
                                space_before: [
                                    Slice<roc_parse::ast::CommentOrNewline> { start: 0, length: 0 },
                                ],
                                space_after: [
                                    Slice<roc_parse::ast::CommentOrNewline> { start: 0, length: 0 },
                                ],
                                spaces: [],
                                type_defs: [],
                                value_defs: [
                                    Body(
                                        @46-47 Identifier {
                                            ident: "y",
                                        },
                                        @50-52 Num(
                                            "42",
                                        ),
                                    ),
                                ],
                            },
                            @66-130 If {
                                if_thens: [
                                    (
                                        @69-70 Var {
                                            module_name: "",
                                            ident: "a",
                                        },
                                        @92-93 Var {
                                            module_name: "",
                                            ident: "b",
                                        },
                                    ),
                                ],
                                final_else: @128-129 Var {
                                    module_name: "",
                                    ident: "c",
                                },
                                indented_else: false,
                            },
                        ),
                        guard: None,
                    },
                    WhenBranch {
                        patterns: [
                            @139-140 Tag(
                                "B",
                            ),
                        ],
                        value: @156-157 Var {
                            module_name: "",
                            ident: "d",
                        },
                        guard: None,
                    },
                ],
            ),
        ),
    ],
}
