---
source: crates/compiler/can/tests/test_suffixed.rs
expression: snapshot
snapshot_kind: text
---
Defs {
    tags: [
        EitherIndex(2147483648),
    ],
    regions: [
        @0-307,
    ],
    space_before: [
        Slice<roc_parse::ast::CommentOrNewline> { start: 0, length: 0 },
    ],
    space_after: [
        Slice<roc_parse::ast::CommentOrNewline> { start: 0, length: 1 },
    ],
    spaces: [
        Newline,
    ],
    type_defs: [],
    value_defs: [
        Body(
            @0-4 Identifier {
                ident: "main",
            },
            @11-307 Defs(
                Defs {
                    tags: [
                        EitherIndex(2147483648),
                        EitherIndex(2147483649),
                        EitherIndex(2147483650),
                    ],
                    regions: [
                        @20-37,
                        @53-68,
                        @109-298,
                    ],
                    space_before: [
                        Slice<roc_parse::ast::CommentOrNewline> { start: 0, length: 0 },
                        Slice<roc_parse::ast::CommentOrNewline> { start: 0, length: 1 },
                        Slice<roc_parse::ast::CommentOrNewline> { start: 1, length: 1 },
                    ],
                    space_after: [
                        Slice<roc_parse::ast::CommentOrNewline> { start: 0, length: 0 },
                        Slice<roc_parse::ast::CommentOrNewline> { start: 1, length: 0 },
                        Slice<roc_parse::ast::CommentOrNewline> { start: 2, length: 0 },
                    ],
                    spaces: [
                        Newline,
                        Newline,
                    ],
                    type_defs: [],
                    value_defs: [
                        Body(
                            @11-17 Identifier {
                                ident: "isTrue",
                            },
                            @20-37 Apply(
                                @20-27 Var {
                                    module_name: "Task",
                                    ident: "ok",
                                },
                                [
                                    @28-37 Var {
                                        module_name: "Bool",
                                        ident: "true",
                                    },
                                ],
                                Space,
                            ),
                        ),
                        Body(
                            @42-50 Identifier {
                                ident: "isFalsey",
                            },
                            @53-68 Closure(
                                [
                                    @54-55 Identifier {
                                        ident: "x",
                                    },
                                ],
                                @59-68 Apply(
                                    @59-66 Var {
                                        module_name: "Task",
                                        ident: "ok",
                                    },
                                    [
                                        @67-68 Var {
                                            module_name: "",
                                            ident: "x",
                                        },
                                    ],
                                    Space,
                                ),
                            ),
                        ),
                        AnnotatedBody {
                            ann_pattern: @73-76 Identifier {
                                ident: "msg",
                            },
                            ann_type: @79-90 Apply(
                                "",
                                "Task",
                                [
                                    @84-86 Record {
                                        fields: [],
                                        ext: None,
                                    },
                                    @87-90 Apply(
                                        "",
                                        "I32",
                                        [],
                                    ),
                                ],
                            ),
                            lines_between: [
                                Newline,
                            ],
                            body_pattern: @95-98 Identifier {
                                ident: "msg",
                            },
                            body_expr: Apply(
                                Var {
                                    module_name: "Task",
                                    ident: "await",
                                },
                                [
                                    Var {
                                        module_name: "",
                                        ident: "isTrue",
                                    },
                                    Closure(
                                        [
                                            Identifier {
                                                ident: "#!1_arg",
                                            },
                                        ],
                                        @109-298 If {
                                            if_thens: [
                                                (
                                                    @112-122 Apply(
                                                        @112-113 Var {
                                                            module_name: "Bool",
                                                            ident: "not",
                                                        },
                                                        [
                                                            @114-121 ParensAround(
                                                                Var {
                                                                    module_name: "",
                                                                    ident: "#!1_arg",
                                                                },
                                                            ),
                                                        ],
                                                        UnaryOp(
                                                            Not,
                                                        ),
                                                    ),
                                                    @140-152 Apply(
                                                        @140-152 Var {
                                                            module_name: "Task",
                                                            ident: "await",
                                                        },
                                                        [
                                                            @140-152 Defs(
                                                                Defs {
                                                                    tags: [
                                                                        EitherIndex(2147483648),
                                                                    ],
                                                                    regions: [
                                                                        @140-152,
                                                                    ],
                                                                    space_before: [
                                                                        Slice<roc_parse::ast::CommentOrNewline> { start: 0, length: 0 },
                                                                    ],
                                                                    space_after: [
                                                                        Slice<roc_parse::ast::CommentOrNewline> { start: 0, length: 0 },
                                                                    ],
                                                                    spaces: [],
                                                                    type_defs: [],
                                                                    value_defs: [
                                                                        AnnotatedBody {
                                                                            ann_pattern: @140-152 Identifier {
                                                                                ident: "#!0_stmt",
                                                                            },
                                                                            ann_type: @140-152 Apply(
                                                                                "",
                                                                                "Task",
                                                                                [
                                                                                    @140-152 Record {
                                                                                        fields: [],
                                                                                        ext: None,
                                                                                    },
                                                                                    @140-152 Inferred,
                                                                                ],
                                                                            ),
                                                                            lines_between: [],
                                                                            body_pattern: @140-152 Identifier {
                                                                                ident: "#!0_stmt",
                                                                            },
                                                                            body_expr: @140-152 Apply(
                                                                                @140-152 Var {
                                                                                    module_name: "",
                                                                                    ident: "line",
                                                                                },
                                                                                [
                                                                                    @146-152 Str(
                                                                                        PlainLine(
                                                                                            "fail",
                                                                                        ),
                                                                                    ),
                                                                                ],
                                                                                Space,
                                                                            ),
                                                                        },
                                                                    ],
                                                                },
                                                                @140-152 Var {
                                                                    module_name: "",
                                                                    ident: "#!0_stmt",
                                                                },
                                                            ),
                                                            @140-152 Closure(
                                                                [
                                                                    @140-152 Underscore(
                                                                        "#!stmt",
                                                                    ),
                                                                ],
                                                                @165-170 Apply(
                                                                    @165-168 Var {
                                                                        module_name: "",
                                                                        ident: "err",
                                                                    },
                                                                    [
                                                                        @169-170 Num(
                                                                            "1",
                                                                        ),
                                                                    ],
                                                                    Space,
                                                                ),
                                                            ),
                                                        ],
                                                        BangSuffix,
                                                    ),
                                                ),
                                            ],
                                            final_else: Apply(
                                                Var {
                                                    module_name: "Task",
                                                    ident: "await",
                                                },
                                                [
                                                    Apply(
                                                        Var {
                                                            module_name: "",
                                                            ident: "isFalsey",
                                                        },
                                                        [
                                                            @198-208 Var {
                                                                module_name: "Bool",
                                                                ident: "false",
                                                            },
                                                        ],
                                                        Space,
                                                    ),
                                                    Closure(
                                                        [
                                                            Identifier {
                                                                ident: "#!3_arg",
                                                            },
                                                        ],
                                                        @109-298 If {
                                                            if_thens: [
                                                                (
                                                                    @187-209 ParensAround(
                                                                        Var {
                                                                            module_name: "",
                                                                            ident: "#!3_arg",
                                                                        },
                                                                    ),
                                                                    @227-239 Apply(
                                                                        @227-239 Var {
                                                                            module_name: "Task",
                                                                            ident: "await",
                                                                        },
                                                                        [
                                                                            @227-239 Defs(
                                                                                Defs {
                                                                                    tags: [
                                                                                        EitherIndex(2147483648),
                                                                                    ],
                                                                                    regions: [
                                                                                        @227-239,
                                                                                    ],
                                                                                    space_before: [
                                                                                        Slice<roc_parse::ast::CommentOrNewline> { start: 0, length: 0 },
                                                                                    ],
                                                                                    space_after: [
                                                                                        Slice<roc_parse::ast::CommentOrNewline> { start: 0, length: 0 },
                                                                                    ],
                                                                                    spaces: [],
                                                                                    type_defs: [],
                                                                                    value_defs: [
                                                                                        AnnotatedBody {
                                                                                            ann_pattern: @227-239 Identifier {
                                                                                                ident: "#!2_stmt",
                                                                                            },
                                                                                            ann_type: @227-239 Apply(
                                                                                                "",
                                                                                                "Task",
                                                                                                [
                                                                                                    @227-239 Record {
                                                                                                        fields: [],
                                                                                                        ext: None,
                                                                                                    },
                                                                                                    @227-239 Inferred,
                                                                                                ],
                                                                                            ),
                                                                                            lines_between: [],
                                                                                            body_pattern: @227-239 Identifier {
                                                                                                ident: "#!2_stmt",
                                                                                            },
                                                                                            body_expr: @227-239 Apply(
                                                                                                @227-239 Var {
                                                                                                    module_name: "",
                                                                                                    ident: "line",
                                                                                                },
                                                                                                [
                                                                                                    @233-239 Str(
                                                                                                        PlainLine(
                                                                                                            "nope",
                                                                                                        ),
                                                                                                    ),
                                                                                                ],
                                                                                                Space,
                                                                                            ),
                                                                                        },
                                                                                    ],
                                                                                },
                                                                                @227-239 Var {
                                                                                    module_name: "",
                                                                                    ident: "#!2_stmt",
                                                                                },
                                                                            ),
                                                                            @227-239 Closure(
                                                                                [
                                                                                    @227-239 Underscore(
                                                                                        "#!stmt",
                                                                                    ),
                                                                                ],
                                                                                @252-257 Apply(
                                                                                    @252-254 Var {
                                                                                        module_name: "",
                                                                                        ident: "ok",
                                                                                    },
                                                                                    [
                                                                                        @255-257 Record(
                                                                                            [],
                                                                                        ),
                                                                                    ],
                                                                                    Space,
                                                                                ),
                                                                            ),
                                                                        ],
                                                                        BangSuffix,
                                                                    ),
                                                                ),
                                                            ],
                                                            final_else: @283-298 Apply(
                                                                @283-298 Var {
                                                                    module_name: "",
                                                                    ident: "line",
                                                                },
                                                                [
                                                                    @289-298 Str(
                                                                        PlainLine(
                                                                            "success",
                                                                        ),
                                                                    ),
                                                                ],
                                                                Space,
                                                            ),
                                                            indented_else: false,
                                                        },
                                                    ),
                                                ],
                                                BangSuffix,
                                            ),
                                            indented_else: false,
                                        },
                                    ),
                                ],
                                BangSuffix,
                            ),
                        },
                    ],
                },
                @304-307 Var {
                    module_name: "",
                    ident: "msg",
                },
            ),
        ),
    ],
}
