---
source: crates/compiler/can/tests/test_suffixed.rs
expression: snapshot
snapshot_kind: text
---
Defs {
    tags: [
        EitherIndex(2147483648),
    ],
    regions: [
        @0-69,
    ],
    space_before: [
        Slice<roc_parse::ast::CommentOrNewline> { start: 0, length: 0 },
    ],
    space_after: [
        Slice<roc_parse::ast::CommentOrNewline> { start: 0, length: 1 },
    ],
    spaces: [
        Newline,
    ],
    type_defs: [],
    value_defs: [
        Body(
            @0-4 Identifier {
                ident: "main",
            },
            @11-69 Defs(
                Defs {
                    tags: [
                        EitherIndex(2147483648),
                    ],
                    regions: [
                        @15-57,
                    ],
                    space_before: [
                        Slice<roc_parse::ast::CommentOrNewline> { start: 0, length: 0 },
                    ],
                    space_after: [
                        Slice<roc_parse::ast::CommentOrNewline> { start: 0, length: 0 },
                    ],
                    spaces: [],
                    type_defs: [],
                    value_defs: [
                        Body(
                            @11-12 Identifier {
                                ident: "x",
                            },
                            @15-57 Closure(
                                [
                                    @16-19 Identifier {
                                        ident: "msg",
                                    },
                                ],
                                @31-43 Apply(
                                    @31-43 Var {
                                        module_name: "Task",
                                        ident: "await",
                                    },
                                    [
                                        @31-43 Defs(
                                            Defs {
                                                tags: [
                                                    EitherIndex(2147483648),
                                                ],
                                                regions: [
                                                    @31-43,
                                                ],
                                                space_before: [
                                                    Slice<roc_parse::ast::CommentOrNewline> { start: 0, length: 0 },
                                                ],
                                                space_after: [
                                                    Slice<roc_parse::ast::CommentOrNewline> { start: 0, length: 0 },
                                                ],
                                                spaces: [],
                                                type_defs: [],
                                                value_defs: [
                                                    AnnotatedBody {
                                                        ann_pattern: @31-43 Identifier {
                                                            ident: "#!0_stmt",
                                                        },
                                                        ann_type: @31-43 Apply(
                                                            "",
                                                            "Task",
                                                            [
                                                                @31-43 Record {
                                                                    fields: [],
                                                                    ext: None,
                                                                },
                                                                @31-43 Inferred,
                                                            ],
                                                        ),
                                                        lines_between: [],
                                                        body_pattern: @31-43 Identifier {
                                                            ident: "#!0_stmt",
                                                        },
                                                        body_expr: @31-43 Apply(
                                                            @31-43 Var {
                                                                module_name: "",
                                                                ident: "line",
                                                            },
                                                            [
                                                                @31-34 Var {
                                                                    module_name: "",
                                                                    ident: "msg",
                                                                },
                                                            ],
                                                            BinOp(
                                                                Pizza,
                                                            ),
                                                        ),
                                                    },
                                                ],
                                            },
                                            @31-43 Var {
                                                module_name: "",
                                                ident: "#!0_stmt",
                                            },
                                        ),
                                        @31-43 Closure(
                                            [
                                                @31-43 Underscore(
                                                    "#!stmt",
                                                ),
                                            ],
                                            @52-57 Apply(
                                                @52-54 Var {
                                                    module_name: "",
                                                    ident: "ok",
                                                },
                                                [
                                                    @55-57 Record(
                                                        [],
                                                    ),
                                                ],
                                                Space,
                                            ),
                                        ),
                                    ],
                                    BangSuffix,
                                ),
                            ),
                        ),
                    ],
                },
                @63-69 Apply(
                    @63-64 Var {
                        module_name: "",
                        ident: "x",
                    },
                    [
                        @65-69 Str(
                            PlainLine(
                                "hi",
                            ),
                        ),
                    ],
                    Space,
                ),
            ),
        ),
    ],
}
