---
source: crates/compiler/can/tests/test_suffixed.rs
expression: snapshot
snapshot_kind: text
---
Defs {
    tags: [
        EitherIndex(2147483648),
    ],
    regions: [
        @0-49,
    ],
    space_before: [
        Slice<roc_parse::ast::CommentOrNewline> { start: 0, length: 0 },
    ],
    space_after: [
        Slice<roc_parse::ast::CommentOrNewline> { start: 0, length: 1 },
    ],
    spaces: [
        Newline,
    ],
    type_defs: [],
    value_defs: [
        Body(
            @0-4 Identifier {
                ident: "main",
            },
            @17-23 Apply(
                @17-23 Var {
                    module_name: "Task",
                    ident: "await",
                },
                [
                    @17-23 Var {
                        module_name: "",
                        ident: "getFoo",
                    },
                    @17-23 Closure(
                        [
                            @11-14 Identifier {
                                ident: "foo",
                            },
                        ],
                        @29-36 LowLevelDbg(
                            (
                                "test.roc:3",
                                "   ",
                            ),
                            @33-36 Apply(
                                @33-36 Var {
                                    module_name: "Inspect",
                                    ident: "toStr",
                                },
                                [
                                    @33-36 Var {
                                        module_name: "",
                                        ident: "foo",
                                    },
                                ],
                                Space,
                            ),
                            @41-49 Apply(
                                @41-49 Var {
                                    module_name: "",
                                    ident: "bar",
                                },
                                [
                                    @46-49 Var {
                                        module_name: "",
                                        ident: "foo",
                                    },
                                ],
                                Space,
                            ),
                        ),
                    ),
                ],
                BangSuffix,
            ),
        ),
    ],
}
